------------------------------------------------------------
TimeQuest Timing Analyzer Summary
------------------------------------------------------------

Type  : Slow 1200mV 85C Model Setup 'divisor_frequencia:div_freq|slow_clk'
Slack : -152.001
TNS   : -896283.756

Type  : Slow 1200mV 85C Model Setup 'clock'
Slack : -3.249
TNS   : -102.896

Type  : Slow 1200mV 85C Model Hold 'divisor_frequencia:div_freq|slow_clk'
Slack : 0.618
TNS   : 0.000

Type  : Slow 1200mV 85C Model Hold 'clock'
Slack : 0.633
TNS   : 0.000

Type  : Slow 1200mV 85C Model Minimum Pulse Width 'clock'
Slack : -3.000
TNS   : -45.405

Type  : Slow 1200mV 85C Model Minimum Pulse Width 'divisor_frequencia:div_freq|slow_clk'
Slack : -2.693
TNS   : -7917.131

Type  : Slow 1200mV 0C Model Setup 'divisor_frequencia:div_freq|slow_clk'
Slack : -137.947
TNS   : -812294.045

Type  : Slow 1200mV 0C Model Setup 'clock'
Slack : -2.918
TNS   : -92.128

Type  : Slow 1200mV 0C Model Hold 'divisor_frequencia:div_freq|slow_clk'
Slack : 0.573
TNS   : 0.000

Type  : Slow 1200mV 0C Model Hold 'clock'
Slack : 0.579
TNS   : 0.000

Type  : Slow 1200mV 0C Model Minimum Pulse Width 'clock'
Slack : -3.000
TNS   : -45.405

Type  : Slow 1200mV 0C Model Minimum Pulse Width 'divisor_frequencia:div_freq|slow_clk'
Slack : -2.649
TNS   : -7917.043

Type  : Fast 1200mV 0C Model Setup 'divisor_frequencia:div_freq|slow_clk'
Slack : -75.106
TNS   : -441252.837

Type  : Fast 1200mV 0C Model Setup 'clock'
Slack : -1.004
TNS   : -31.007

Type  : Fast 1200mV 0C Model Hold 'divisor_frequencia:div_freq|slow_clk'
Slack : 0.266
TNS   : 0.000

Type  : Fast 1200mV 0C Model Hold 'clock'
Slack : 0.289
TNS   : 0.000

Type  : Fast 1200mV 0C Model Minimum Pulse Width 'clock'
Slack : -3.000
TNS   : -38.063

Type  : Fast 1200mV 0C Model Minimum Pulse Width 'divisor_frequencia:div_freq|slow_clk'
Slack : -1.000
TNS   : -6518.890

------------------------------------------------------------
