------------------------------------------------------------
TimeQuest Timing Analyzer Summary
------------------------------------------------------------

Type  : Slow 1200mV 85C Model Setup 'dif_freq:dif_freq|slow_clk'
Slack : -22.853
TNS   : -50952.190

Type  : Slow 1200mV 85C Model Setup 'clock'
Slack : -2.693
TNS   : -84.644

Type  : Slow 1200mV 85C Model Hold 'clock'
Slack : 0.507
TNS   : 0.000

Type  : Slow 1200mV 85C Model Hold 'dif_freq:dif_freq|slow_clk'
Slack : 0.624
TNS   : 0.000

Type  : Slow 1200mV 85C Model Minimum Pulse Width 'clock'
Slack : -3.000
TNS   : -45.405

Type  : Slow 1200mV 85C Model Minimum Pulse Width 'dif_freq:dif_freq|slow_clk'
Slack : -2.693
TNS   : -3310.283

Type  : Slow 1200mV 0C Model Setup 'dif_freq:dif_freq|slow_clk'
Slack : -20.827
TNS   : -46470.286

Type  : Slow 1200mV 0C Model Setup 'clock'
Slack : -2.411
TNS   : -75.201

Type  : Slow 1200mV 0C Model Hold 'clock'
Slack : 0.455
TNS   : 0.000

Type  : Slow 1200mV 0C Model Hold 'dif_freq:dif_freq|slow_clk'
Slack : 0.573
TNS   : 0.000

Type  : Slow 1200mV 0C Model Minimum Pulse Width 'clock'
Slack : -3.000
TNS   : -45.405

Type  : Slow 1200mV 0C Model Minimum Pulse Width 'dif_freq:dif_freq|slow_clk'
Slack : -2.649
TNS   : -3310.239

Type  : Fast 1200mV 0C Model Setup 'dif_freq:dif_freq|slow_clk'
Slack : -10.802
TNS   : -23663.156

Type  : Fast 1200mV 0C Model Setup 'clock'
Slack : -0.827
TNS   : -23.590

Type  : Fast 1200mV 0C Model Hold 'clock'
Slack : 0.229
TNS   : 0.000

Type  : Fast 1200mV 0C Model Hold 'dif_freq:dif_freq|slow_clk'
Slack : 0.270
TNS   : 0.000

Type  : Fast 1200mV 0C Model Minimum Pulse Width 'clock'
Slack : -3.000
TNS   : -38.095

Type  : Fast 1200mV 0C Model Minimum Pulse Width 'dif_freq:dif_freq|slow_clk'
Slack : -1.000
TNS   : -2575.029

------------------------------------------------------------
